main.c:36:5:main	40	static
main.c:88:6:calculateRevolutions	24	static
main.c:103:6:DMA2_Stream1_IRQHandler	24	static
main.c:127:9:calculateMean	24	static
main.c:141:6:TIM2_IRQHandler	8	static
main.c:151:6:TIM3_IRQHandler	8	static
main.c:161:6:TIM4_IRQHandler	8	static
main.c:192:6:getSpeed	16	static
main.c:203:10:getPeriod	24	static
main.c:217:6:updatePeriod	8	static
main.c:233:6:buttonHandler	8	static
main.c:264:6:EXTI0_IRQHandler	16	static
main.c:284:6:EXTI1_IRQHandler	16	static
main.c:301:6:initPorts	8	static
main.c:316:6:initPwmListeners	32	static
main.c:354:6:initPwm	16	static
main.c:375:6:initButton	16	static
main.c:402:6:initDACOut	16	static
main.c:421:6:initTimer1ms	24	static
main.c:446:6:initFreeTimer	24	static
main.c:462:6:initTimersPwm	16	static
main.c:509:10:sEE_TIMEOUT_UserCallback	4	static
