practice3.c:10:6:changeLayer	16	static
practice3.c:15:10:ARGBtoColor	16	static
practice3.c:19:5:isInside	16	static
practice3.c:23:7:SetPixel	24	static
practice3.c:32:10:GetPixel	24	static
practice3.c:40:7:DrawHorizontalLine	40	static
practice3.c:58:7:DrawVerticalLine	40	static
practice3.c:76:7:DrawCircumference	48	static
practice3.c:105:7:DrawBitmap	32	static
practice3.c:117:7:ClearScreen	24	static
practice3.c:126:7:ClearLayer2	24	static
practice3.c:135:6:drawBackground	24	static
practice3.c:159:6:initLCD	8	static
practice3.c:180:6:storeSample	16	static
practice3.c:186:11:getPosition	32	static
practice3.c:196:6:displayAccelerations	40	static
practice3.c:216:11:getInstantaneous	24	static
practice3.c:235:6:displayInstantaneous	16	static
practice3.c:244:6:setIsFilled	4	static
